---
source: crates/waka-render/src/summary.rs
expression: output
---
Language    Time             %
--------------------------------
Rust        3h 30m       52.2%
TypeScript  1h 52m       27.9%
Bash        48m          11.9%
TOML        32m           8.0%
--------------------------------
Total       6h 42m
