---
source: crates/waka-render/src/breakdown.rs
expression: out
---
┌───┬────────────┬───────┬──────────────────────┬───────┐
│ # ┆ Language   ┆ Time  ┆ Bar                  ┆ %     │
╞═══╪════════════╪═══════╪══════════════════════╪═══════╡
│ 1 ┆ Rust       ┆ 3h 0m ┆ ████████████████████ ┆ 50.0% │
├╌╌╌┼╌╌╌╌╌╌╌╌╌╌╌╌┼╌╌╌╌╌╌╌┼╌╌╌╌╌╌╌╌╌╌╌╌╌╌╌╌╌╌╌╌╌╌┼╌╌╌╌╌╌╌┤
│ 2 ┆ Python     ┆ 2h 0m ┆ ████████████████████ ┆ 33.3% │
├╌╌╌┼╌╌╌╌╌╌╌╌╌╌╌╌┼╌╌╌╌╌╌╌┼╌╌╌╌╌╌╌╌╌╌╌╌╌╌╌╌╌╌╌╌╌╌┼╌╌╌╌╌╌╌┤
│ 3 ┆ TypeScript ┆ 1h 0m ┆ ████████████████████ ┆ 16.7% │
└───┴────────────┴───────┴──────────────────────┴───────┘
